// Jest Snapshot v1, https://goo.gl/fbAQLP

exports[`Btn renders properly 1`] = `
<button>
  click me!
</button>
`;
